// Jest Snapshot v1, https://goo.gl/fbAQLP

exports[`renders without crashing (ReactRenderer) 1`] = `
<div
  className="App"
>
  <header
    className="MuiPaper-root-139 MuiPaper-elevation4-145 MuiAppBar-root-131 MuiAppBar-positionStatic-135 MuiAppBar-colorPrimary-137"
  >
    <div
      className="MuiToolbar-root-166"
      style={
        Object {
          "margin": "auto",
        }
      }
    >
      <div
        className="MuiInput-root-173 MuiInput-underline-177 App-margin-129"
        color=""
      >
        <div
          className="MuiSelect-root-168"
        >
          <div
            aria-haspopup="true"
            aria-owns={null}
            aria-pressed="false"
            className="MuiSelect-select-169 MuiSelect-selectMenu-170 MuiInput-input-181"
            onBlur={[Function]}
            onClick={[Function]}
            onFocus={[Function]}
            onKeyDown={[Function]}
            role="button"
            tabIndex={0}
          >
            Easy
          </div>
          <input
            aria-invalid={undefined}
            aria-required={undefined}
            autoComplete={undefined}
            autoFocus={undefined}
            defaultValue={undefined}
            id="select-difficulty"
            name="difficulty"
            onKeyDown={undefined}
            onKeyUp={undefined}
            placeholder={undefined}
            readOnly={undefined}
            required={undefined}
            rows={undefined}
            type="hidden"
            value="easy"
          />
          <svg
            aria-hidden="true"
            className="MuiSvgIcon-root-186 MuiSelect-icon-172"
            color={undefined}
            focusable="false"
            viewBox="0 0 24 24"
          >
            <path
              d="M7 10l5 5 5-5z"
            />
          </svg>
        </div>
      </div>
      <button
        aria-label="go"
        className="MuiButtonBase-root-218 MuiButton-root-196 MuiButton-contained-205 MuiButton-fab-213 MuiButton-containedSecondary-207 MuiButton-raised-208 MuiButton-raisedSecondary-210"
        disabled={false}
        onBlur={[Function]}
        onClick={[Function]}
        onFocus={[Function]}
        onKeyDown={[Function]}
        onKeyUp={[Function]}
        onMouseDown={[Function]}
        onMouseLeave={[Function]}
        onMouseUp={[Function]}
        onTouchEnd={[Function]}
        onTouchMove={[Function]}
        onTouchStart={[Function]}
        tabIndex="0"
        type="button"
      >
        <span
          className="MuiButton-label-197"
        >
          Go
        </span>
        <span
          className="MuiTouchRipple-root-221"
        />
      </button>
      <h3
        className="MuiTypography-root-228 MuiTypography-subheading-235 MuiTypography-colorInherit-247 App-margin-129"
      >
        <span
          className="MuiBadge-root-252 App-padding-130"
        >
          Mines
          <span
            className="MuiBadge-badge-253 MuiBadge-colorSecondary-255"
          >
            10
          </span>
        </span>
      </h3>
      <h1
        className="MuiTypography-root-228 MuiTypography-headline-233 MuiTypography-colorInherit-247 App-margin-129"
      >
        0:00
      </h1>
    </div>
  </header>
  <div
    className="minefield easy"
    style={
      Object {
        "--columns": 8,
        "--content-width": "calc(80vmin - 64px)",
        "--gutter": "1vh",
        "fontSize": "calc(var(--content-width) / var(--columns) * 0.6)",
      }
    }
  >
    <div
      onClick={[Function]}
      onContextMenu={[Function]}
    >
      
    </div>
    <div
      onClick={[Function]}
      onContextMenu={[Function]}
    >
      
    </div>
    <div
      onClick={[Function]}
      onContextMenu={[Function]}
    >
      
    </div>
    <div
      onClick={[Function]}
      onContextMenu={[Function]}
    >
      
    </div>
    <div
      onClick={[Function]}
      onContextMenu={[Function]}
    >
      
    </div>
    <div
      onClick={[Function]}
      onContextMenu={[Function]}
    >
      
    </div>
    <div
      onClick={[Function]}
      onContextMenu={[Function]}
    >
      
    </div>
    <div
      onClick={[Function]}
      onContextMenu={[Function]}
    >
      
    </div>
    <div
      onClick={[Function]}
      onContextMenu={[Function]}
    >
      
    </div>
    <div
      onClick={[Function]}
      onContextMenu={[Function]}
    >
      
    </div>
    <div
      onClick={[Function]}
      onContextMenu={[Function]}
    >
      
    </div>
    <div
      onClick={[Function]}
      onContextMenu={[Function]}
    >
      
    </div>
    <div
      onClick={[Function]}
      onContextMenu={[Function]}
    >
      
    </div>
    <div
      onClick={[Function]}
      onContextMenu={[Function]}
    >
      
    </div>
    <div
      onClick={[Function]}
      onContextMenu={[Function]}
    >
      
    </div>
    <div
      onClick={[Function]}
      onContextMenu={[Function]}
    >
      
    </div>
    <div
      onClick={[Function]}
      onContextMenu={[Function]}
    >
      
    </div>
    <div
      onClick={[Function]}
      onContextMenu={[Function]}
    >
      
    </div>
    <div
      onClick={[Function]}
      onContextMenu={[Function]}
    >
      
    </div>
    <div
      onClick={[Function]}
      onContextMenu={[Function]}
    >
      
    </div>
    <div
      onClick={[Function]}
      onContextMenu={[Function]}
    >
      
    </div>
    <div
      onClick={[Function]}
      onContextMenu={[Function]}
    >
      
    </div>
    <div
      onClick={[Function]}
      onContextMenu={[Function]}
    >
      
    </div>
    <div
      onClick={[Function]}
      onContextMenu={[Function]}
    >
      
    </div>
    <div
      onClick={[Function]}
      onContextMenu={[Function]}
    >
      
    </div>
    <div
      onClick={[Function]}
      onContextMenu={[Function]}
    >
      
    </div>
    <div
      onClick={[Function]}
      onContextMenu={[Function]}
    >
      
    </div>
    <div
      onClick={[Function]}
      onContextMenu={[Function]}
    >
      
    </div>
    <div
      onClick={[Function]}
      onContextMenu={[Function]}
    >
      
    </div>
    <div
      onClick={[Function]}
      onContextMenu={[Function]}
    >
      
    </div>
    <div
      onClick={[Function]}
      onContextMenu={[Function]}
    >
      
    </div>
    <div
      onClick={[Function]}
      onContextMenu={[Function]}
    >
      
    </div>
    <div
      onClick={[Function]}
      onContextMenu={[Function]}
    >
      
    </div>
    <div
      onClick={[Function]}
      onContextMenu={[Function]}
    >
      
    </div>
    <div
      onClick={[Function]}
      onContextMenu={[Function]}
    >
      
    </div>
    <div
      onClick={[Function]}
      onContextMenu={[Function]}
    >
      
    </div>
    <div
      onClick={[Function]}
      onContextMenu={[Function]}
    >
      
    </div>
    <div
      onClick={[Function]}
      onContextMenu={[Function]}
    >
      
    </div>
    <div
      onClick={[Function]}
      onContextMenu={[Function]}
    >
      
    </div>
    <div
      onClick={[Function]}
      onContextMenu={[Function]}
    >
      
    </div>
    <div
      onClick={[Function]}
      onContextMenu={[Function]}
    >
      
    </div>
    <div
      onClick={[Function]}
      onContextMenu={[Function]}
    >
      
    </div>
    <div
      onClick={[Function]}
      onContextMenu={[Function]}
    >
      
    </div>
    <div
      onClick={[Function]}
      onContextMenu={[Function]}
    >
      
    </div>
    <div
      onClick={[Function]}
      onContextMenu={[Function]}
    >
      
    </div>
    <div
      onClick={[Function]}
      onContextMenu={[Function]}
    >
      
    </div>
    <div
      onClick={[Function]}
      onContextMenu={[Function]}
    >
      
    </div>
    <div
      onClick={[Function]}
      onContextMenu={[Function]}
    >
      
    </div>
    <div
      onClick={[Function]}
      onContextMenu={[Function]}
    >
      
    </div>
    <div
      onClick={[Function]}
      onContextMenu={[Function]}
    >
      
    </div>
    <div
      onClick={[Function]}
      onContextMenu={[Function]}
    >
      
    </div>
    <div
      onClick={[Function]}
      onContextMenu={[Function]}
    >
      
    </div>
    <div
      onClick={[Function]}
      onContextMenu={[Function]}
    >
      
    </div>
    <div
      onClick={[Function]}
      onContextMenu={[Function]}
    >
      
    </div>
    <div
      onClick={[Function]}
      onContextMenu={[Function]}
    >
      
    </div>
    <div
      onClick={[Function]}
      onContextMenu={[Function]}
    >
      
    </div>
    <div
      onClick={[Function]}
      onContextMenu={[Function]}
    >
      
    </div>
    <div
      onClick={[Function]}
      onContextMenu={[Function]}
    >
      
    </div>
    <div
      onClick={[Function]}
      onContextMenu={[Function]}
    >
      
    </div>
    <div
      onClick={[Function]}
      onContextMenu={[Function]}
    >
      
    </div>
    <div
      onClick={[Function]}
      onContextMenu={[Function]}
    >
      
    </div>
    <div
      onClick={[Function]}
      onContextMenu={[Function]}
    >
      
    </div>
    <div
      onClick={[Function]}
      onContextMenu={[Function]}
    >
      
    </div>
    <div
      onClick={[Function]}
      onContextMenu={[Function]}
    >
      
    </div>
    <div
      onClick={[Function]}
      onContextMenu={[Function]}
    >
      
    </div>
    <div
      onClick={[Function]}
      onContextMenu={[Function]}
    >
      
    </div>
    <div
      onClick={[Function]}
      onContextMenu={[Function]}
    >
      
    </div>
    <div
      onClick={[Function]}
      onContextMenu={[Function]}
    >
      
    </div>
    <div
      onClick={[Function]}
      onContextMenu={[Function]}
    >
      
    </div>
    <div
      onClick={[Function]}
      onContextMenu={[Function]}
    >
      
    </div>
    <div
      onClick={[Function]}
      onContextMenu={[Function]}
    >
      
    </div>
    <div
      onClick={[Function]}
      onContextMenu={[Function]}
    >
      
    </div>
  </div>
</div>
`;
